Warning! Ignore unknown configuration option `build_jobs` in section [env:esp32-s3-wroom-1-n16]
Processing esp32-s3-wroom-1-n16 (platform: espressif32@^6.6.0; board: esp32-s3-thermostat; framework: arduino)
--------------------------------------------------------------------------------
Verbose mode can be enabled via `-v, --verbose` option
CONFIGURATION: https://docs.platformio.org/page/boards/espressif32/esp32-s3-thermostat.html
PLATFORM: Espressif 32 (6.12.0) > Espressif ESP32-S3-Thermostat (16 MB QD, No PSRAM)
HARDWARE: ESP32S3 240MHz, 320KB RAM, 16MB Flash
DEBUG: Current (esp-builtin) On-board (esp-builtin) External (cmsis-dap, esp-bridge, esp-prog, iot-bus-jtag, jlink, minimodule, olimex-arm-usb-ocd, olimex-arm-usb-ocd-h, olimex-arm-usb-tiny-h, olimex-jtag-tiny, tumpa)
PACKAGES: 
 - framework-arduinoespressif32 @ 3.20017.241212+sha.dcc1105b 
 - tool-esptoolpy @ 2.40900.250804 (4.9.0) 
 - toolchain-riscv32-esp @ 8.4.0+2021r2-patch5 
 - toolchain-xtensa-esp32s3 @ 8.4.0+2021r2-patch5
LDF: Library Dependency Finder -> https://bit.ly/configure-pio-ldf
LDF Modes: Finder ~ chain, Compatibility ~ soft
Found 49 compatible libraries
Scanning dependencies...
Dependency Graph
|-- WiFi @ 2.0.0
|-- Preferences @ 2.0.0
|-- Adafruit AHTX0 @ 2.0.5
|-- Adafruit Unified Sensor @ 1.1.15
|-- DHT sensor library @ 1.4.6
|-- Adafruit BME280 Library @ 2.3.0
|-- OneWire @ 2.3.8
|-- DallasTemperature @ 4.0.5
|-- TFT_eSPI @ 2.5.43
|-- AsyncTCP @ 3.4.9
|-- ESPAsyncWebServer @ 3.9.2
|-- PubSubClient @ 2.8.0
|-- ArduinoJson @ 7.4.2
|-- MyLD2410 @ 1.2.7
|-- HTTPClient @ 2.0.0
|-- Update @ 2.0.0
|-- Wire @ 2.0.0
Building in release mode
Retrieving maximum program size .pio/build/esp32-s3-wroom-1-n16/firmware.elf
Checking size .pio/build/esp32-s3-wroom-1-n16/firmware.elf
Advanced Memory Usage is available via "PlatformIO Home > Project Inspect"
RAM:   [==        ]  15.2% (used 49896 bytes from 327680 bytes)
Flash: [==        ]  18.7% (used 1227713 bytes from 6553600 bytes)
========================= [SUCCESS] Took 10.03 seconds =========================
